127.0.0.1 - - [12/Sep/2018:14:16:02 -0400] "GET / HTTP/1.1" 200 1130
0:0:0:0:0:0:0:1 - - [12/Sep/2018:14:16:06 -0400] "GET / HTTP/1.1" 200 1130
0:0:0:0:0:0:0:1 - - [12/Sep/2018:14:16:07 -0400] "GET /favicon.ico HTTP/1.1" 404 973
127.0.0.1 - - [12/Sep/2018:14:17:07 -0400] "GET / HTTP/1.1" 200 1130
127.0.0.1 - - [12/Sep/2018:14:18:11 -0400] "GET / HTTP/1.1" 200 1130
0:0:0:0:0:0:0:1 - - [12/Sep/2018:14:18:20 -0400] "GET /proj01/hello HTTP/1.1" 404 975
0:0:0:0:0:0:0:1 - - [12/Sep/2018:14:18:35 -0400] "GET /proj01/hello HTTP/1.1" 404 975
127.0.0.1 - - [12/Sep/2018:14:18:45 -0400] "GET / HTTP/1.1" 200 1130
0:0:0:0:0:0:0:1 - - [12/Sep/2018:14:18:48 -0400] "GET /proj01/hello HTTP/1.1" 404 975
0:0:0:0:0:0:0:1 - - [12/Sep/2018:14:18:51 -0400] "GET /hello HTTP/1.1" 404 961
127.0.0.1 - - [12/Sep/2018:14:19:20 -0400] "GET / HTTP/1.1" 200 1130
0:0:0:0:0:0:0:1 - - [12/Sep/2018:14:19:24 -0400] "GET /proj01/hello HTTP/1.1" 404 975
127.0.0.1 - - [12/Sep/2018:14:20:02 -0400] "GET / HTTP/1.1" 200 1130
0:0:0:0:0:0:0:1 - - [12/Sep/2018:14:20:08 -0400] "GET /proj01/test1 HTTP/1.1" 200 156
0:0:0:0:0:0:0:1 - - [12/Sep/2018:14:20:22 -0400] "GET /proj01/hello HTTP/1.1" 404 975
127.0.0.1 - - [12/Sep/2018:14:20:30 -0400] "GET / HTTP/1.1" 200 1130
0:0:0:0:0:0:0:1 - - [12/Sep/2018:14:20:35 -0400] "GET /proj01/hello HTTP/1.1" 404 975
0:0:0:0:0:0:0:1 - - [12/Sep/2018:14:20:36 -0400] "GET /proj01/hello HTTP/1.1" 404 975
0:0:0:0:0:0:0:1 - - [12/Sep/2018:14:20:56 -0400] "GET /proj01/hello HTTP/1.1" 404 975
127.0.0.1 - - [12/Sep/2018:14:21:03 -0400] "GET / HTTP/1.1" 200 1130
0:0:0:0:0:0:0:1 - - [12/Sep/2018:14:21:05 -0400] "GET /proj01/hello HTTP/1.1" 200 35
127.0.0.1 - - [12/Sep/2018:14:26:24 -0400] "GET / HTTP/1.1" 200 1130
0:0:0:0:0:0:0:1 - - [12/Sep/2018:14:26:49 -0400] "GET /proj01/test1 HTTP/1.1" 200 156
0:0:0:0:0:0:0:1 - - [12/Sep/2018:14:26:51 -0400] "GET /proj01/test HTTP/1.1" 200 156
0:0:0:0:0:0:0:1 - - [12/Sep/2018:14:28:43 -0400] "GET /servletbasics/name HTTP/1.1" 404 987
127.0.0.1 - - [12/Sep/2018:14:28:51 -0400] "GET / HTTP/1.1" 200 1130
0:0:0:0:0:0:0:1 - - [12/Sep/2018:14:28:52 -0400] "GET /servletbasics/name HTTP/1.1" 404 987
127.0.0.1 - - [12/Sep/2018:14:29:31 -0400] "GET / HTTP/1.1" 200 1130
0:0:0:0:0:0:0:1 - - [12/Sep/2018:14:29:37 -0400] "GET /servletbasics/name HTTP/1.1" 404 987
0:0:0:0:0:0:0:1 - - [12/Sep/2018:14:29:46 -0400] "GET /servletBasics/name HTTP/1.1" 404 987
127.0.0.1 - - [12/Sep/2018:14:30:52 -0400] "GET / HTTP/1.1" 200 1130
0:0:0:0:0:0:0:1 - - [12/Sep/2018:14:30:56 -0400] "GET /servletBasics/test1 HTTP/1.1" 404 989
127.0.0.1 - - [12/Sep/2018:14:31:21 -0400] "GET / HTTP/1.1" 200 1130
0:0:0:0:0:0:0:1 - - [12/Sep/2018:14:31:28 -0400] "GET /proj01/test1 HTTP/1.1" 200 156
0:0:0:0:0:0:0:1 - - [12/Sep/2018:14:31:29 -0400] "GET /proj01/test HTTP/1.1" 200 156
0:0:0:0:0:0:0:1 - - [12/Sep/2018:14:31:32 -0400] "GET /servletbasics/name HTTP/1.1" 404 987
0:0:0:0:0:0:0:1 - - [12/Sep/2018:14:31:33 -0400] "GET /servletBasics/name HTTP/1.1" 404 987
0:0:0:0:0:0:0:1 - - [12/Sep/2018:14:31:35 -0400] "GET /servletBasics/test1 HTTP/1.1" 404 989
0:0:0:0:0:0:0:1 - - [12/Sep/2018:14:31:36 -0400] "GET /servletBasics/test1 HTTP/1.1" 404 989
0:0:0:0:0:0:0:1 - - [12/Sep/2018:14:32:34 -0400] "GET /servletBasics/test1 HTTP/1.1" 404 989
127.0.0.1 - - [12/Sep/2018:14:32:45 -0400] "GET / HTTP/1.1" 200 1130
127.0.0.1 - - [12/Sep/2018:14:34:02 -0400] "GET / HTTP/1.1" 200 1130
0:0:0:0:0:0:0:1 - - [12/Sep/2018:14:34:06 -0400] "GET /proj01/name HTTP/1.1" 200 141
127.0.0.1 - - [12/Sep/2018:14:40:24 -0400] "GET / HTTP/1.1" 200 1130
0:0:0:0:0:0:0:1 - - [12/Sep/2018:14:40:27 -0400] "GET /proj01/list HTTP/1.1" 200 177
127.0.0.1 - - [12/Sep/2018:14:42:28 -0400] "GET / HTTP/1.1" 200 1130
0:0:0:0:0:0:0:1 - - [12/Sep/2018:14:42:32 -0400] "GET /proj01/list HTTP/1.1" 200 264
127.0.0.1 - - [12/Sep/2018:14:43:36 -0400] "GET / HTTP/1.1" 200 1130
0:0:0:0:0:0:0:1 - - [12/Sep/2018:14:43:38 -0400] "GET /proj01/list HTTP/1.1" 200 263
127.0.0.1 - - [12/Sep/2018:15:02:14 -0400] "GET / HTTP/1.1" 200 1130
0:0:0:0:0:0:0:1 - - [12/Sep/2018:15:02:16 -0400] "GET /proj01/looptable HTTP/1.1" 500 2195
127.0.0.1 - - [12/Sep/2018:15:04:24 -0400] "GET / HTTP/1.1" 200 1130
0:0:0:0:0:0:0:1 - - [12/Sep/2018:15:04:26 -0400] "GET /proj01/looptable HTTP/1.1" 500 2127
127.0.0.1 - - [12/Sep/2018:15:11:04 -0400] "GET / HTTP/1.1" 200 1130
0:0:0:0:0:0:0:1 - - [12/Sep/2018:15:11:10 -0400] "GET /proj01/looptable HTTP/1.1" 200 180
0:0:0:0:0:0:0:1 - - [12/Sep/2018:15:18:16 -0400] "GET /proj01/looptable HTTP/1.1" 500 1939
127.0.0.1 - - [12/Sep/2018:15:18:24 -0400] "GET / HTTP/1.1" 200 1130
0:0:0:0:0:0:0:1 - - [12/Sep/2018:15:18:29 -0400] "GET /proj01/looptable HTTP/1.1" 500 1939
127.0.0.1 - - [12/Sep/2018:15:18:50 -0400] "GET / HTTP/1.1" 200 1130
0:0:0:0:0:0:0:1 - - [12/Sep/2018:15:18:53 -0400] "GET /proj01/looptable HTTP/1.1" 500 1908
0:0:0:0:0:0:0:1 - - [12/Sep/2018:15:19:42 -0400] "GET /proj01/test-with-utils HTTP/1.1" 500 1584
127.0.0.1 - - [12/Sep/2018:15:20:06 -0400] "GET / HTTP/1.1" 200 1130
0:0:0:0:0:0:0:1 - - [12/Sep/2018:15:20:14 -0400] "GET /proj01/test-with-utils HTTP/1.1" 200 192
127.0.0.1 - - [12/Sep/2018:17:12:08 -0400] "GET / HTTP/1.1" 200 1130
0:0:0:0:0:0:0:1 - - [12/Sep/2018:17:12:12 -0400] "GET /proj01/name HTTP/1.1" 200 141
0:0:0:0:0:0:0:1 - - [12/Sep/2018:17:12:36 -0400] "GET /proj01/name HTTP/1.1" 200 141
127.0.0.1 - - [12/Sep/2018:17:12:44 -0400] "GET / HTTP/1.1" 200 1130
0:0:0:0:0:0:0:1 - - [12/Sep/2018:17:12:46 -0400] "GET /proj01/test HTTP/1.1" 200 156
0:0:0:0:0:0:0:1 - - [12/Sep/2018:17:12:50 -0400] "GET /proj01/name HTTP/1.1" 200 141
127.0.0.1 - - [12/Sep/2018:17:13:42 -0400] "GET / HTTP/1.1" 200 1130
0:0:0:0:0:0:0:1 - - [12/Sep/2018:17:13:46 -0400] "GET /proj01/name HTTP/1.1" 200 141
0:0:0:0:0:0:0:1 - - [12/Sep/2018:17:13:48 -0400] "GET /proj01/name HTTP/1.1" 200 141
127.0.0.1 - - [12/Sep/2018:17:14:18 -0400] "GET / HTTP/1.1" 200 1130
0:0:0:0:0:0:0:1 - - [12/Sep/2018:17:14:20 -0400] "GET /proj01/name HTTP/1.1" 200 141
0:0:0:0:0:0:0:1 - - [12/Sep/2018:17:14:22 -0400] "GET /proj01/name HTTP/1.1" 200 141
127.0.0.1 - - [12/Sep/2018:17:15:23 -0400] "GET / HTTP/1.1" 200 1130
0:0:0:0:0:0:0:1 - - [12/Sep/2018:17:15:26 -0400] "GET /proj01/name HTTP/1.1" 200 195
127.0.0.1 - - [12/Sep/2018:22:29:47 -0400] "GET / HTTP/1.1" 200 1130
0:0:0:0:0:0:0:1 - - [12/Sep/2018:22:29:49 -0400] "GET /proj01/hello.jsp HTTP/1.1" 200 168
127.0.0.1 - - [12/Sep/2018:22:32:31 -0400] "GET / HTTP/1.1" 200 1130
0:0:0:0:0:0:0:1 - - [12/Sep/2018:22:32:32 -0400] "GET /proj01/list.jsp HTTP/1.1" 500 3646
0:0:0:0:0:0:0:1 - - [12/Sep/2018:22:34:36 -0400] "GET /proj01/list.jsp HTTP/1.1" 200 10607
0:0:0:0:0:0:0:1 - - [12/Sep/2018:22:35:39 -0400] "GET /proj01/list.jsp HTTP/1.1" 200 13108
0:0:0:0:0:0:0:1 - - [12/Sep/2018:22:35:46 -0400] "GET /proj01/list.jsp HTTP/1.1" 200 13108
